// Jest Snapshot v1, https://goo.gl/fbAQLP

exports[`Test PearsonUsers component Render Heading text test 1`] = `ShallowWrapper {}`;
